// Jest Snapshot v1, https://goo.gl/fbAQLP

exports[`Page <Servers /> expect to render component 1`] = `
<Page
  description="Server explorer web app"
>
  <div
    className="servers"
  >
    <div
      className="row"
    >
      <div
        className="servers__heading"
      >
        <h1>
          Servers list
        </h1>
      </div>
      <table
        className="table"
      >
        <thead>
          <tr>
            <th>
              <div
                className="d-flex align-center"
              >
                <h3>
                  Name
                </h3>
                <span
                  className="table__sort-btns"
                >
                  <Button
                    onClick={[Function]}
                    variant="icon"
                  >
                    <ForwardRef(SvgSortAsc)
                      className="icon icon--ice"
                    />
                  </Button>
                  <Button
                    onClick={[Function]}
                    variant="icon"
                  >
                    <ForwardRef(SvgSortDeasc)
                      className="icon icon--ice"
                    />
                  </Button>
                </span>
              </div>
            </th>
            <th>
              <div
                className="d-flex align-center"
              >
                <h3>
                  Distance
                </h3>
                <span
                  className="table__sort-btns"
                >
                  <Button
                    onClick={[Function]}
                    variant="icon"
                  >
                    <ForwardRef(SvgSortAsc)
                      className="icon icon--ice"
                    />
                  </Button>
                  <Button
                    onClick={[Function]}
                    variant="icon"
                  >
                    <ForwardRef(SvgSortDeasc)
                      className="icon icon--ice"
                    />
                  </Button>
                </span>
              </div>
            </th>
          </tr>
        </thead>
        <tbody>
          <tr
            key="0"
          >
            <td>
              a
            </td>
            <td>
              1
            </td>
          </tr>
          <tr
            key="1"
          >
            <td>
              b
            </td>
            <td>
              2
            </td>
          </tr>
          <tr
            key="2"
          >
            <td>
              c
            </td>
            <td>
              3
            </td>
          </tr>
        </tbody>
      </table>
    </div>
  </div>
</Page>
`;
