// Jest Snapshot v1, https://goo.gl/fbAQLP

exports[`<Message /> expect to render component 1`] = `
<div
  className="message message--red"
>
  hello
</div>
`;
